python -m npuloop intake examples/quickstart/cust_inception.pt --data examples/quickstart/cifar10_sample.npz --spec edge-10tops
# Intake report — {'arch': 'inception', 'width': 32, 'act': 'relu', 'num_classes': 10} on `edge-10tops`

params 423,066 · MACs 54.0M · 38 graph nodes

## 1. Receive

**runs entirely on-chip: yes**

| op | count | executes on | note |
|---|---|---|---|
| `conv` | 15 | mac-array |  |
| `linear` | 1 | mac-array |  |
| `concat` | 3 | vector |  |
| `pool` | 1 | vector |  |
| `act:relu` | 15 | fused | relu folded into the requantization clamp |

## 2. Diagnose

cycles **31,224** · latency 0.052 ms · array utilization 21.1% · DRAM 418 KB · energy 84.8 uJ/image (simulated: mac 13.5, sram 2.9, dram 68.4, vector 0.0)
cycle budget: mac-array 99% · vector 1%
lint: efficiency 91/100 · quant-robustness 97/100

| bottleneck | kind | cycles | share | bound |
|---|---|---|---|---|
| `blocks_3_0` | conv | 6,936 | 22% | memory |
| `blocks_4_p3_conv` | conv | 6,936 | 22% | memory |
| `blocks_0_p3_conv` | conv | 3,510 | 11% | compute |

## 3. Prescribe

| action | predicted cycles | saving | why | risk |
|---|---|---|---|---|
| uniform structured pruning, ratio 0.5 | 17,580 | 44% | fewer channels per block | needs fine-tuning; E6 measured -1.1 to -2.4%p at these ratios |
| uniform structured pruning, ratio 0.75 | 23,904 | 23% | fewer channels per block | needs fine-tuning; E6 measured -1.1 to -2.4%p at these ratios |

Same model, other presets (a hardware answer, not a model change):

| preset | cycles | vs current | runs on-chip |
|---|---|---|---|
| `pcie-80tops` | 19,992 | 64% | yes |
| `edge-10tops-strict` | 31,224 | 100% | yes |
| `tiny-1tops` | 99,068 | 317% | yes |
python -m npuloop quantize examples/quickstart/resnet20_relu.pt --data examples/quickstart/cifar10_sample.npz --verify 200 --int-eval 500 --threads 2
float acc 0.8860  fake-quant int8 acc 0.8840  (scheme w8pc-minmax_a8u-minmax)
node                       op      prop.mism% prop.max local.mism% local.max
x                          input        0.000        0       0.000         0
stem_conv                  conv         0.090        1       0.090         1
blocks_0_conv1             conv         0.589        1       0.098         1
blocks_0_conv2             conv         1.615        1       0.073         1
add                        add          1.277        3       0.000         0
blocks_1_conv1             conv         4.519        3       0.054         1
blocks_1_conv2             conv         8.490        5       0.091         1
add_1                      add          7.022        8       0.000         0
blocks_2_conv1             conv         8.141        7       0.029         1
blocks_2_conv2             conv        11.446        3       0.072         1
add_2                      add         13.949        6       0.000         0
blocks_3_conv1             conv        17.852        5       0.081         1
blocks_3_conv2             conv        23.139        3       0.060         1
blocks_3_sc_conv           conv        17.284        4       0.173         1
add_3                      add         17.232        8       0.000         0
blocks_4_conv1             conv        16.629        6       0.045         1
blocks_4_conv2             conv        23.690        4       0.049         1
add_4                      add         23.545        8       0.000         0
blocks_5_conv1             conv        14.287        6       0.028         1
blocks_5_conv2             conv        25.497        3       0.055         1
add_5                      add         25.627        7       0.000         0
blocks_6_conv1             conv        16.784        5       0.031         1
blocks_6_conv2             conv        28.446        3       0.057         1
blocks_6_sc_conv           conv        32.523        4       0.154         1
add_6                      add         16.333        6       0.000         0
blocks_7_conv1             conv        16.515        7       0.025         1
blocks_7_conv2             conv        26.760        3       0.040         1
add_7                      add         17.642        7       0.000         0
blocks_8_conv1             conv        17.183        5       0.025         1
blocks_8_conv2             conv        23.645        3       0.026         1
add_8                      add         17.646        5       0.000         0
pool                       pool         9.109        1       0.859         1
flatten                    flatten      9.109        1       0.000         0
fc                         linear      48.100        3       0.400         1
output                     output      48.100        3       0.000         0
{
 "top1_agreement": 1.0,
 "logit_max_abs_diff": 0.4203824996948242,
 "first_divergence": "stem_conv",
 "output_mismatch_frac": 0.481
}
bit-exact integer engine acc (500 images): 0.8860
mkdir -p build && python -m npuloop export examples/quickstart/resnet20_relu.pt --data examples/quickstart/cifar10_sample.npz --out build/quickstart.npuloop --sample 8 --sample-path build/quickstart_input.f32
build/quickstart.npuloop: 35 nodes, 273.9 KB of integer arrays, requant {'rounding': 'tflite', 'mult_bits': 31, 'acc_bits': 32, 'bias_bits': 32}
input: {'scale': 0.016141029074788094, 'zero_point': 123, 'qmin': 0, 'qmax': 255}
  x                          input     <-                                    s=0.016141 zp=123      
  stem_conv                  conv      <- x                                  s=0.033966 zp=0        w_int(16, 3, 3, 3) bias_int(16,) mult(16,) shift(16,)
  blocks_0_conv1             conv      <- stem_conv                          s=0.035522 zp=0        w_int(16, 16, 3, 3) bias_int(16,) mult(16,) shift(16,)
  blocks_0_conv2             conv      <- blocks_0_conv1                     s=0.099141 zp=127      w_int(16, 16, 3, 3) bias_int(16,) mult(16,) shift(16,)
  add                        add       <- blocks_0_conv2,stem_conv           s=0.055919 zp=0        
  blocks_1_conv1             conv      <- add                                s=0.033652 zp=0        w_int(16, 16, 3, 3) bias_int(16,) mult(16,) shift(16,)
  blocks_1_conv2             conv      <- blocks_1_conv1                     s=0.079265 zp=142      w_int(16, 16, 3, 3) bias_int(16,) mult(16,) shift(16,)
  add_1                      add       <- blocks_1_conv2,add                 s=0.067879 zp=0        
  blocks_2_conv1             conv      <- add_1                              s=0.03236 zp=0         w_int(16, 16, 3, 3) bias_int(16,) mult(16,) shift(16,)
  blocks_2_conv2             conv      <- blocks_2_conv1                     s=0.082689 zp=126      w_int(16, 16, 3, 3) bias_int(16,) mult(16,) shift(16,)
  add_2                      add       <- blocks_2_conv2,add_1               s=0.066582 zp=0        
  blocks_3_conv1             conv      <- add_2                              s=0.028147 zp=0        w_int(32, 16, 3, 3) bias_int(32,) mult(32,) shift(32,)
  blocks_3_conv2             conv      <- blocks_3_conv1                     s=0.065909 zp=119      w_int(32, 32, 3, 3) bias_int(32,) mult(32,) shift(32,)
  blocks_3_sc_conv           conv      <- add_2                              s=0.067274 zp=107      w_int(32, 16, 1, 1) bias_int(32,) mult(32,) shift(32,)
  add_3                      add       <- blocks_3_conv2,blocks_3_sc_conv    s=0.057676 zp=0        
  blocks_4_conv1             conv      <- add_3                              s=0.023513 zp=0        w_int(32, 32, 3, 3) bias_int(32,) mult(32,) shift(32,)
  blocks_4_conv2             conv      <- blocks_4_conv1                     s=0.065539 zp=129      w_int(32, 32, 3, 3) bias_int(32,) mult(32,) shift(32,)
  add_4                      add       <- blocks_4_conv2,add_3               s=0.062793 zp=0        
  blocks_5_conv1             conv      <- add_4                              s=0.025558 zp=0        w_int(32, 32, 3, 3) bias_int(32,) mult(32,) shift(32,)
  blocks_5_conv2             conv      <- blocks_5_conv1                     s=0.062324 zp=115      w_int(32, 32, 3, 3) bias_int(32,) mult(32,) shift(32,)
  add_5                      add       <- blocks_5_conv2,add_4               s=0.074943 zp=0        
  blocks_6_conv1             conv      <- add_5                              s=0.032987 zp=0        w_int(64, 32, 3, 3) bias_int(64,) mult(64,) shift(64,)
  blocks_6_conv2             conv      <- blocks_6_conv1                     s=0.068619 zp=115      w_int(64, 64, 3, 3) bias_int(64,) mult(64,) shift(64,)
  blocks_6_sc_conv           conv      <- add_5                              s=0.044746 zp=121      w_int(64, 32, 1, 1) bias_int(64,) mult(64,) shift(64,)
  add_6                      add       <- blocks_6_conv2,blocks_6_sc_conv    s=0.044113 zp=0        
  blocks_7_conv1             conv      <- add_6                              s=0.02403 zp=0         w_int(64, 64, 3, 3) bias_int(64,) mult(64,) shift(64,)
  blocks_7_conv2             conv      <- blocks_7_conv1                     s=0.07726 zp=110       w_int(64, 64, 3, 3) bias_int(64,) mult(64,) shift(64,)
  add_7                      add       <- blocks_7_conv2,add_6               s=0.053776 zp=0        
  blocks_8_conv1             conv      <- add_7                              s=0.036942 zp=0        w_int(64, 64, 3, 3) bias_int(64,) mult(64,) shift(64,)
  blocks_8_conv2             conv      <- blocks_8_conv1                     s=0.11536 zp=83        w_int(64, 64, 3, 3) bias_int(64,) mult(64,) shift(64,)
  add_8                      add       <- blocks_8_conv2,add_7               s=0.11455 zp=0         
  pool                       pool      <- add_8                              s=0.11455 zp=0         
  flatten                    flatten   <- pool                               s=0.11455 zp=0         
  fc                         linear    <- flatten                            s=0.14013 zp=80        w_int(10, 64) bias_int(10,) mult(10,) shift(10,)
  output                     output    <- fc                                 s=0.14013 zp=80        
wrote 8 test images as float32 NCHW to build/quickstart_input.f32 (labels: build/quickstart_input.f32.labels)
make runner && build/int8_runner build/quickstart.npuloop build/quickstart_input.f32 --float --argmax
make[1]: Entering directory '/home/runner/work/npuloop/npuloop'
mkdir -p build && g++ -O3 -march=native -std=c++17 -o build/int8_runner npuloop/intengine/cpp/int8_runner.cpp
make[1]: Leaving directory '/home/runner/work/npuloop/npuloop'
ran 35 nodes on 8 images; output shape [8,10]
1 3 5 9 5 7 8 2
