{"epoch": 1, "train_loss": 0.27468176644582015, "train_acc": 0.9034455128205128, "test_acc": 0.8681, "lr": 0.018644779853310957, "epoch_sec": 119.28190088272095}
{"epoch": 2, "train_loss": 0.25244270796195056, "train_acc": 0.9122195512820512, "test_acc": 0.8834, "lr": 0.007392024426860376, "epoch_sec": 118.07335090637207}
{"epoch": 3, "train_loss": 0.19805645787945161, "train_acc": 0.9325721153846154, "test_acc": 0.8934, "lr": 2.0056270805599783e-05, "epoch_sec": 118.0516586303711}
[14:20:16] resnet20_relu uniform r=0.75 a=0: keep=[12, 12, 12, 24, 24, 24, 48, 48, 48] MACs=30.8M edge-cycles=30025 ft_acc=0.8934 int8=0.8943
{"epoch": 1, "train_loss": 0.4495497499520962, "train_acc": 0.8435897435897436, "test_acc": 0.8211, "lr": 0.018644779853310957, "epoch_sec": 93.36577343940735}
{"epoch": 2, "train_loss": 0.3488712848379062, "train_acc": 0.8797876602564103, "test_acc": 0.8654, "lr": 0.007392024426860376, "epoch_sec": 92.14942860603333}
{"epoch": 3, "train_loss": 0.280182955490473, "train_acc": 0.9026842948717949, "test_acc": 0.8807, "lr": 2.0056270805599783e-05, "epoch_sec": 91.66771960258484}
[14:25:25] resnet20_relu uniform r=0.5 a=0: keep=[8, 8, 8, 16, 16, 16, 32, 32, 32] MACs=20.8M edge-cycles=27739 ft_acc=0.8807 int8=0.8771
{"epoch": 1, "train_loss": 0.7248965329084641, "train_acc": 0.751522435897436, "test_acc": 0.7759, "lr": 0.018644779853310957, "epoch_sec": 87.51780104637146}
{"epoch": 2, "train_loss": 0.5087822058261969, "train_acc": 0.8237379807692308, "test_acc": 0.8237, "lr": 0.007392024426860376, "epoch_sec": 87.70358443260193}
{"epoch": 3, "train_loss": 0.41658204262837384, "train_acc": 0.85546875, "test_acc": 0.8469, "lr": 2.0056270805599783e-05, "epoch_sec": 87.80551099777222}
[14:30:19] resnet20_relu uniform r=0.25 a=0: keep=[8, 8, 8, 8, 8, 8, 16, 16, 16] MACs=14.3M edge-cycles=25453 ft_acc=0.8469 int8=0.8467
{"epoch": 1, "train_loss": 0.40130982169738183, "train_acc": 0.860176282051282, "test_acc": 0.8471, "lr": 0.018644779853310957, "epoch_sec": 95.91980457305908}
{"epoch": 2, "train_loss": 0.32422738789747924, "train_acc": 0.8869190705128205, "test_acc": 0.868, "lr": 0.007392024426860376, "epoch_sec": 94.98011875152588}
{"epoch": 3, "train_loss": 0.2583686396288566, "train_acc": 0.9105769230769231, "test_acc": 0.8846, "lr": 2.0056270805599783e-05, "epoch_sec": 94.9941930770874}
[14:35:43] resnet20_relu aligned r=0.5 a=16: keep=[16, 16, 16, 16, 16, 16, 32, 32, 32] MACs=27.8M edge-cycles=29845 ft_acc=0.8846 int8=0.8843
{"epoch": 1, "train_loss": 0.3256117869646121, "train_acc": 0.8864583333333333, "test_acc": 0.8621, "lr": 0.018644779853310957, "epoch_sec": 106.0752546787262}
{"epoch": 2, "train_loss": 0.2776670251519252, "train_acc": 0.9035657051282051, "test_acc": 0.8749, "lr": 0.007392024426860376, "epoch_sec": 104.01696062088013}
{"epoch": 3, "train_loss": 0.21959676580169263, "train_acc": 0.9249599358974359, "test_acc": 0.8922, "lr": 2.0056270805599783e-05, "epoch_sec": 104.74522924423218}
[14:41:36] resnet20_relu aligned r=0.5 a=32: keep=[16, 16, 16, 32, 32, 32, 32, 32, 32] MACs=34.3M edge-cycles=31753 ft_acc=0.8922 int8=0.8906
{"epoch": 1, "train_loss": 0.3384837862390738, "train_acc": 0.8819511217948718, "test_acc": 0.8516, "lr": 0.018644779853310957, "epoch_sec": 101.7769775390625}
{"epoch": 2, "train_loss": 0.2871284898657065, "train_acc": 0.8998397435897436, "test_acc": 0.8716, "lr": 0.007392024426860376, "epoch_sec": 104.48131608963013}
{"epoch": 3, "train_loss": 0.2269120646210817, "train_acc": 0.920693108974359, "test_acc": 0.8865, "lr": 2.0056270805599783e-05, "epoch_sec": 100.38360023498535}
[14:47:20] resnet20_relu cost-greedy r=0.85 a=8: keep=[8, 8, 8, 24, 8, 8, 64, 64, 32] MACs=23.4M edge-cycles=29197 ft_acc=0.8865 int8=0.8857
{"epoch": 1, "train_loss": 0.9408662879314178, "train_acc": 0.6746594551282051, "test_acc": 0.6625, "lr": 0.018644779853310957, "epoch_sec": 85.36930227279663}
{"epoch": 2, "train_loss": 0.6260145214123604, "train_acc": 0.7839943910256411, "test_acc": 0.7817, "lr": 0.007392024426860376, "epoch_sec": 85.42862105369568}
{"epoch": 3, "train_loss": 0.5280338848248506, "train_acc": 0.8186899038461538, "test_acc": 0.8144, "lr": 2.0056270805599783e-05, "epoch_sec": 86.92351460456848}
[14:52:13] resnet20_relu cost-greedy r=0.7 a=8: keep=[8, 8, 8, 8, 8, 8, 8, 8, 8] MACs=12.6M edge-cycles=24787 ft_acc=0.8144 int8=0.8131
{"epoch": 1, "train_loss": 0.9408662879314178, "train_acc": 0.6746594551282051, "test_acc": 0.6625, "lr": 0.018644779853310957, "epoch_sec": 86.67777562141418}
{"epoch": 2, "train_loss": 0.6260145214123604, "train_acc": 0.7839943910256411, "test_acc": 0.7817, "lr": 0.007392024426860376, "epoch_sec": 86.09195399284363}
{"epoch": 3, "train_loss": 0.5280338848248506, "train_acc": 0.8186899038461538, "test_acc": 0.8144, "lr": 2.0056270805599783e-05, "epoch_sec": 84.72881841659546}
[14:57:06] resnet20_relu cost-greedy r=0.55 a=8: keep=[8, 8, 8, 8, 8, 8, 8, 8, 8] MACs=12.6M edge-cycles=24787 ft_acc=0.8144 int8=0.8131
