=== e1_baselines 07:45:17
=== e2_ptq_grid 07:45:22
=== e7_requant_ablation 07:45:27
=== e5_calibration 07:45:32
=== e4_surgery 07:45:37
=== e6_pruning 07:45:44
=== e9_customer_intake 07:45:49
=== e1_baselines 07:47:55
=== e2_ptq_grid 07:48:01
=== e7_requant_ablation 07:48:06
=== e5_calibration 07:48:12
=== e4_surgery 07:48:18
=== e6_pruning 07:48:23
=== e9_customer_intake 07:48:28
=== e1_baselines 07:50:33
=== e2_ptq_grid 07:50:39
=== e7_requant_ablation 07:50:44
=== e5_calibration 07:50:49
=== e4_surgery 07:50:54
=== e6_pruning 07:51:00
=== e9_customer_intake 07:51:06
=== e1_baselines 07:53:11
=== e2_ptq_grid 07:53:16
=== e7_requant_ablation 07:53:22
=== e5_calibration 07:53:27
=== e4_surgery 07:53:33
=== e6_pruning 07:53:39
=== e9_customer_intake 07:53:44
=== e1_baselines 07:55:49
=== e2_ptq_grid 07:55:55
=== e7_requant_ablation 07:56:00
=== e5_calibration 07:56:05
=== e4_surgery 07:56:10
=== e6_pruning 07:56:16
=== e9_customer_intake 07:56:21
=== e1_baselines 07:58:26
=== e2_ptq_grid 07:58:32
=== e7_requant_ablation 07:58:37
=== e5_calibration 07:58:43
=== e4_surgery 07:58:49
=== e6_pruning 07:58:56
=== e9_customer_intake 07:59:02
=== e1_baselines 08:01:08
=== e2_ptq_grid 08:01:13
=== e7_requant_ablation 08:01:19
=== e5_calibration 08:01:24
=== e4_surgery 08:01:30
=== e6_pruning 08:01:35
=== e9_customer_intake 08:01:41
=== e1_baselines 08:03:45
=== e2_ptq_grid 08:03:51
=== e7_requant_ablation 08:03:56
=== e5_calibration 08:04:02
=== e4_surgery 08:04:08
=== e6_pruning 08:04:13
=== e9_customer_intake 08:04:22
=== e1_baselines 08:06:28
=== e2_ptq_grid 08:06:35
=== e7_requant_ablation 08:06:41
=== e5_calibration 08:06:46
=== e4_surgery 08:06:50
=== e6_pruning 08:06:54
=== e9_customer_intake 08:06:58
=== e1_baselines 08:09:03
=== e2_ptq_grid 08:09:09
=== e7_requant_ablation 08:09:14
=== e5_calibration 08:09:19
=== e4_surgery 08:09:25
=== e6_pruning 08:09:30
=== e9_customer_intake 08:09:37
=== e1_baselines 08:11:43
=== e2_ptq_grid 08:11:49
=== e7_requant_ablation 08:11:55
=== e5_calibration 08:12:01
=== e4_surgery 08:12:07
=== e6_pruning 08:12:13
=== e9_customer_intake 08:12:18
=== e1_baselines 08:14:24
=== e2_ptq_grid 08:14:30
=== e7_requant_ablation 08:14:35
=== e5_calibration 08:14:40
=== e4_surgery 08:14:45
=== e6_pruning 08:14:50
=== e9_customer_intake 08:14:57
=== e1_baselines 08:17:04
=== e2_ptq_grid 08:17:09
=== e7_requant_ablation 08:17:15
=== e5_calibration 08:17:21
=== e4_surgery 08:17:27
=== e6_pruning 08:17:33
=== e9_customer_intake 08:17:39
=== e1_baselines 08:19:44
=== e2_ptq_grid 08:19:50
=== e7_requant_ablation 08:19:56
=== e5_calibration 08:20:02
=== e4_surgery 08:20:06
=== e6_pruning 08:20:11
=== e9_customer_intake 08:20:16
=== e1_baselines 08:22:20
=== e2_ptq_grid 08:22:27
=== e7_requant_ablation 08:22:33
=== e5_calibration 08:22:40
=== e4_surgery 08:22:46
=== e6_pruning 08:22:51
=== e9_customer_intake 08:22:55
=== e1_baselines 08:24:59
=== e2_ptq_grid 08:25:05
=== e7_requant_ablation 08:25:10
=== e5_calibration 08:25:16
=== e4_surgery 08:25:22
=== e6_pruning 08:25:27
=== e9_customer_intake 08:25:34
=== e1_baselines 08:27:40
=== e2_ptq_grid 08:27:47
=== e7_requant_ablation 08:27:53
=== e5_calibration 08:27:58
=== e4_surgery 08:28:04
=== e6_pruning 08:28:09
=== e9_customer_intake 08:28:14
=== e1_baselines 08:30:22
=== e2_ptq_grid 08:30:28
=== e7_requant_ablation 08:30:34
=== e5_calibration 08:30:40
=== e4_surgery 08:30:45
=== e6_pruning 08:30:50
=== e9_customer_intake 08:30:55
=== e1_baselines 08:33:00
=== e2_ptq_grid 08:33:07
=== e7_requant_ablation 08:33:13
=== e5_calibration 08:33:18
=== e4_surgery 08:33:24
=== e6_pruning 08:33:29
=== e9_customer_intake 08:33:34
=== e1_baselines 08:35:40
=== e2_ptq_grid 08:36:26
=== e7_requant_ablation 09:23:00
=== e5_calibration 09:53:28
=== e4_surgery 10:20:39
=== e6_pruning 12:08:56
=== e9_customer_intake 13:12:57
=== e1_baselines 13:19:16
=== e2_ptq_grid 13:20:41
=== e1_baselines 14:33:47
=== e2_ptq_grid 14:35:10
=== e7_requant_ablation 15:47:02
=== e5_calibration 15:58:47
=== e4_surgery 15:59:03
=== e6_pruning 15:59:20
=== e9_customer_intake 15:59:25
=== e1_baselines 16:23:55
=== e2_ptq_grid 16:24:01
=== e7_requant_ablation 16:24:06
=== e5_calibration 16:24:13
=== e4_surgery 16:24:28
=== e6_pruning 16:24:45
=== e9_customer_intake 16:24:50
=== e1_baselines 16:26:55
=== e2_ptq_grid 16:27:01
=== e7_requant_ablation 16:27:05
=== e5_calibration 16:27:12
=== e4_surgery 16:27:28
=== e6_pruning 16:27:44
=== e9_customer_intake 16:27:49
=== e1_baselines 16:29:53
=== e2_ptq_grid 16:30:00
=== e7_requant_ablation 16:30:04
=== e5_calibration 16:30:10
=== e4_surgery 16:30:24
=== e6_pruning 16:30:41
=== e9_customer_intake 16:30:46
=== e1_baselines 16:32:50
=== e2_ptq_grid 16:32:56
=== e7_requant_ablation 16:33:01
=== e5_calibration 16:33:09
=== e4_surgery 16:33:24
=== e6_pruning 16:33:42
=== e9_customer_intake 16:33:46
=== e1_baselines 16:35:51
=== e2_ptq_grid 16:35:57
=== e7_requant_ablation 16:36:02
=== e5_calibration 16:36:08
=== e4_surgery 16:36:24
=== e6_pruning 16:36:40
=== e9_customer_intake 16:36:45
=== e1_baselines 16:38:50
=== e2_ptq_grid 16:38:56
=== e7_requant_ablation 16:39:01
=== e5_calibration 16:39:07
=== e4_surgery 16:39:23
=== e6_pruning 16:39:38
=== e9_customer_intake 16:39:43
=== e1_baselines 16:41:47
=== e2_ptq_grid 16:41:53
=== e7_requant_ablation 16:41:57
=== e5_calibration 16:42:04
=== e4_surgery 16:42:21
=== e6_pruning 16:42:37
=== e9_customer_intake 16:42:43
=== e1_baselines 16:44:48
=== e2_ptq_grid 16:44:54
=== e7_requant_ablation 16:44:59
=== e5_calibration 16:45:05
=== e4_surgery 16:45:21
=== e6_pruning 16:45:37
=== e9_customer_intake 16:45:41
=== e1_baselines 16:47:46
=== e2_ptq_grid 16:47:53
=== e7_requant_ablation 16:47:58
=== e5_calibration 16:48:04
=== e4_surgery 16:48:21
=== e6_pruning 16:48:36
=== e9_customer_intake 16:48:41
=== e1_baselines 16:50:46
=== e2_ptq_grid 16:50:52
=== e7_requant_ablation 16:50:57
=== e5_calibration 16:51:03
=== e4_surgery 16:51:20
=== e6_pruning 16:51:37
=== e9_customer_intake 16:51:42
=== e1_baselines 16:53:47
=== e2_ptq_grid 16:53:53
=== e7_requant_ablation 16:53:58
=== e5_calibration 16:54:04
=== e4_surgery 16:54:20
=== e6_pruning 16:54:36
=== e9_customer_intake 16:54:41
=== e1_baselines 16:56:45
=== e2_ptq_grid 16:56:52
=== e7_requant_ablation 16:56:56
=== e5_calibration 16:57:02
=== e4_surgery 16:57:17
=== e6_pruning 16:57:32
=== e9_customer_intake 16:57:37
=== e1_baselines 16:59:42
=== e2_ptq_grid 16:59:48
=== e7_requant_ablation 16:59:52
=== e5_calibration 16:59:59
=== e4_surgery 17:00:14
=== e6_pruning 17:00:30
=== e9_customer_intake 17:00:35
=== e1_baselines 17:02:40
=== e2_ptq_grid 17:02:46
=== e7_requant_ablation 17:02:50
=== e5_calibration 17:02:57
=== e4_surgery 17:03:12
=== e6_pruning 17:03:28
=== e9_customer_intake 17:03:33
=== e1_baselines 17:05:38
=== e2_ptq_grid 17:05:45
=== e7_requant_ablation 17:05:50
=== e5_calibration 17:05:57
=== e4_surgery 17:06:13
=== e6_pruning 17:06:29
=== e9_customer_intake 17:06:34
=== e1_baselines 17:08:39
=== e2_ptq_grid 17:08:45
=== e7_requant_ablation 17:08:50
=== e5_calibration 17:08:56
=== e4_surgery 17:09:12
=== e6_pruning 17:09:29
=== e9_customer_intake 17:09:35
=== e1_baselines 17:11:42
=== e2_ptq_grid 17:11:48
=== e7_requant_ablation 17:11:53
=== e5_calibration 17:11:59
=== e4_surgery 17:12:15
=== e6_pruning 17:12:31
=== e9_customer_intake 17:12:36
=== e1_baselines 17:14:41
=== e2_ptq_grid 17:15:55
=== e7_requant_ablation 18:06:51
=== e5_calibration 18:56:10
=== e4_surgery 19:41:06
=== e6_pruning 21:27:22
=== e9_customer_intake 21:27:26
=== e1_baselines 21:27:57
=== e2_ptq_grid 21:28:01
=== e7_requant_ablation 21:28:06
=== e5_calibration 21:28:14
=== e4_surgery 21:28:53
=== e6_pruning 21:29:34
=== e9_customer_intake 21:29:39
=== e3_lint_vs_drop 21:29:44
=== e8_scalesim 21:29:47
=== e10_engine_timing 21:29:51
ALL_DONE
